2025-09-05 11:42:00 | WARN | repo=a4m36jee-2014-infinispan-seminar | action=test | passed=true
2025-06-13 08:09:00 | INFO | repo=a4m36jee-2014-infinispan-seminar | action=pull
2025-07-27 17:58:00 | INFO | repo=a4m36jee-2014-infinispan-seminar | action=edit | files=2
2025-02-21 19:17:00 | INFO | repo=a4m36jee-2014-infinispan-seminar | action=commit
2025-03-19 13:38:00 | DEBUG | repo=a4m36jee-2014-infinispan-seminar | action=commit
2025-06-01 18:10:00 | WARN | repo=a4m36jee-2014-infinispan-seminar | action=commit
2025-02-15 07:58:00 | INFO | repo=a4m36jee-2014-infinispan-seminar | action=edit | files=2
2025-12-01 18:54:00 | DEBUG | repo=a4m36jee-2014-infinispan-seminar | action=commit
2025-10-06 16:37:00 | INFO | repo=a4m36jee-2014-infinispan-seminar | action=pull
2025-02-17 19:15:00 | DEBUG | repo=a4m36jee-2014-infinispan-seminar | action=commit
2025-12-17 14:03:00 | DEBUG | repo=a4m36jee-2014-infinispan-seminar | action=commit
2025-10-11 08:56:00 | WARN | repo=a4m36jee-2014-infinispan-seminar | action=edit | files=2
2025-08-18 18:09:00 | WARN | repo=a4m36jee-2014-infinispan-seminar | action=commit
2025-10-14 07:03:00 | INFO | repo=a4m36jee-2014-infinispan-seminar | action=edit | files=1
2025-05-11 13:40:00 | INFO | repo=a4m36jee-2014-infinispan-seminar | action=commit
2025-06-04 14:03:00 | WARN | repo=a4m36jee-2014-infinispan-seminar | action=test | passed=true
2025-09-05 20:11:00 | INFO | repo=a4m36jee-2014-infinispan-seminar | action=commit
2025-06-24 16:08:00 | INFO | repo=a4m36jee-2014-infinispan-seminar | action=edit | files=3
2025-09-23 11:21:00 | WARN | repo=a4m36jee-2014-infinispan-seminar | action=commit
2025-11-13 07:21:00 | INFO | repo=a4m36jee-2014-infinispan-seminar | action=edit | files=1
2025-12-06 08:39:00 | WARN | repo=a4m36jee-2014-infinispan-seminar | action=commit
2025-11-08 21:57:00 | INFO | repo=a4m36jee-2014-infinispan-seminar | action=commit
